// Jest Snapshot v1, https://goo.gl/fbAQLP

exports[`Snapshotテスト 1`] = `
<div>
  <div>
    <p>
      react
    </p>
  </div>
</div>
`;
